<html>
<body>
<pre>
<h1>µVision Build Log</h1>
<h2>Tool Versions:</h2>
IDE-Version: ¦ÌVision V5.14.1
Copyright (C) 2015 ARM Ltd and ARM Germany GmbH. All rights reserved.
License Information: Cortex-M3, AAAA, LIC=LJWII-TSND4-WJ06K-ZWNET-EHBEK-X78BT
 
Tool Versions:
Toolchain:       MDK-ARM Professional  Version: 5.14.0.0
Toolchain Path:  C:\Keil_v5\ARM\ARMCC\Bin
C Compiler:      Armcc.exe V5.05 update 1 (build 106)
Assembler:       Armasm.exe V5.05 update 1 (build 106)
Linker/Locator:  ArmLink.exe V5.05 update 1 (build 106)
Library Manager: ArmAr.exe V5.05 update 1 (build 106)
Hex Converter:   FromElf.exe V5.05 update 1 (build 106)
CPU DLL:         SARMCM3.DLL V5.14.0.0
Dialog DLL:      DARMSTM.DLL V1.65.0.0
Target DLL:      STLink\ST-LINKIII-KEIL_SWO.dll V2.0.14.0_KEIL
Dialog DLL:      TARMSTM.DLL V1.64.0.0
 
<h2>Project:</h2>
D:\fuqiang\ODM\RF_A Program v7.0(v4.0 broad)\Demo.uvproj
Project File Date:  12/26/2018

<h2>Output:</h2>
*** Using Compiler 'V5.05 update 1 (build 106)', folder: 'C:\Keil_v5\ARM\ARMCC\Bin'
Build target 'Target 1'
compiling AppLib.c...
User_Src\AppLib.c(49): warning:  #177-D: function "menuEyeRFPres" was declared but never referenced
  static void menuEyeRFPres(void)
User_Src\AppLib.c(321): warning:  #177-D: function "EnterPres" was declared but never referenced
  static void EnterPres(void)
User_Src\AppLib.c: 2 warnings, 0 errors
linking...
Program Size: Code=14696 RO-data=428 RW-data=140 ZI-data=3148  
FromELF: creating hex file...
".\Objects\Demo.axf" - 0 Error(s), 2 Warning(s).
</pre>
</body>
</html>
