<html>
<body>
<pre>
<h1>µVision Build Log</h1>
<h2>Tool Versions:</h2>
IDE-Version: ¦ÌVision V5.14.1
Copyright (C) 2015 ARM Ltd and ARM Germany GmbH. All rights reserved.
License Information: Cortex-M3, AAAA, LIC=JL2SB-25CTY-CVS1L-0BP3Y-4ZUPB-GGWEC
 
Tool Versions:
Toolchain:       MDK-ARM Standard  Version: 5.14.0.0
Toolchain Path:  C:\Keil_v5\ARM\ARMCC\Bin
C Compiler:      Armcc.exe V5.05 update 1 (build 106)
Assembler:       Armasm.exe V5.05 update 1 (build 106)
Linker/Locator:  ArmLink.exe V5.05 update 1 (build 106)
Library Manager: ArmAr.exe V5.05 update 1 (build 106)
Hex Converter:   FromElf.exe V5.05 update 1 (build 106)
CPU DLL:         SARMCM3.DLL V5.14.0.0
Dialog DLL:      DARMSTM.DLL V1.65.0.0
Target DLL:      STLink\ST-LINKIII-KEIL_SWO.dll V2.0.14.0_KEIL
Dialog DLL:      TARMSTM.DLL V1.64.0.0
 
<h2>Project:</h2>
D:\Aysi\ODM\Ö¬Á¢ÊÝÁ¢Ê½\RF_A Program v4.0\Demo.uvproj
Project File Date:  03/06/2018

<h2>Output:</h2>
*** Using Compiler 'V5.05 update 1 (build 106)', folder: 'C:\Keil_v5\ARM\ARMCC\Bin'
Build target 'Target 1'
compiling misc.c...
compiling stm32f10x_adc.c...
compiling stm32f10x_exti.c...
compiling stm32f10x_gpio.c...
compiling stm32f10x_it.c...
compiling stm32f10x_iwdg.c...
compiling stm32f10x_tim.c...
compiling stm32f10x_usart.c...
compiling system_stm32f10x.c...
compiling stm32f10x_rcc.c...
compiling stm32f10x_flash.c...
compiling delay.c...
compiling exti.c...
compiling key.c...
compiling led.c...
compiling main.c...
compiling sys.c...
compiling timer.c...
compiling usart.c...
compiling wdg.c...
compiling UserBaseLib.c...
compiling AppLib.c...
compiling adc.c...
compiling stmflash.c...
compiling dwDriver.c...
linking...
Program Size: Code=12780 RO-data=624 RW-data=120 ZI-data=2008  
FromELF: creating hex file...
".\Objects\Demo.axf" - 0 Error(s), 0 Warning(s).
</pre>
</body>
</html>
